[1/15] Syncing repositories & preparing detection tools...
[*] Updating repository `https://repo-de.voidlinux.org/current/x86_64-repodata' ...
ERROR: Package `virt-what' already installed.
[*] Updating repository `https://repo-de.voidlinux.org/current/x86_64-repodata' ...
[2/15] VMware detected! Installing VMware Tools...
ERROR: Package `open-vm-tools' already installed.
ERROR: Package `mesa-vaapi' already installed.
ERROR: Package `mesa-vmwgfx-dri' already installed.
[*] Updating repository `https://repo-de.voidlinux.org/current/x86_64-repodata' ...
ln: failed to create symbolic link '/var/service/vmware-vmblock-fuse': File exists
ln: failed to create symbolic link '/var/service/vmtoolsd': File exists
[3/15] Installing core CLI utilities...
ERROR: Package `delta' already installed.
ERROR: Package `htop' already installed.
ERROR: Package `btop' already installed.
ERROR: Package `make' already installed.
ERROR: Package `git' already installed.
ERROR: Package `wget' already installed.
ERROR: Package `xz' already installed.
ERROR: Package `zip' already installed.
ERROR: Package `unzip' already installed.
ERROR: Package `nano' already installed.
ERROR: Package `cmake' already installed.
ERROR: Package `curl' already installed.
ERROR: Package `gcc' already installed.
ERROR: Package `net-tools' already installed.
ERROR: Package `fastfetch' already installed.
ERROR: Package `mlocate' already installed.
[*] Updating repository `https://repo-de.voidlinux.org/current/x86_64-repodata' ...
[4.1/15] Installing Xorg server ...
ERROR: Package `xorg' already installed.
ERROR: Package `xorg-server' already installed.
ERROR: Package `xorg-apps' already installed.
ERROR: Package `xrandr' already installed.
ERROR: Package `xterm' already installed.
ERROR: Package `xscreensaver' already installed.
ERROR: Package `twm' already installed.
ERROR: Package `xinit' already installed.
ERROR: Package `xsel' already installed.
ERROR: Package `xclip' already installed.
ERROR: Package `xcolor' already installed.
[*] Updating repository `https://repo-de.voidlinux.org/current/x86_64-repodata' ...
[4.2/15] Installing Openbox window manager...
ERROR: Package `openbox' already installed.
ERROR: Package `obconf' already installed.
ERROR: Package `obmenu-generator' already installed.
ERROR: Package `obconf-qt' already installed.
ERROR: Package `lxappearance' already installed.
ERROR: Package `lxappearance-obconf' already installed.
ERROR: Package `nwg-look' already installed.
[*] Updating repository `https://repo-de.voidlinux.org/current/x86_64-repodata' ...
[5/15] Creating X11 environment configuration (.xinitrc)...
[6/15] Installing desktop environment utilities...
ERROR: Package `polybar' already installed.
ERROR: Package `dunst' already installed.
ERROR: Package `rofi' already installed.
ERROR: Package `feh' already installed.
ERROR: Package `xdg-user-dirs' already installed.
ERROR: Package `xdg-utils' already installed.
ERROR: Package `xfce4-appfinder' already installed.
[*] Updating repository `https://repo-de.voidlinux.org/current/x86_64-repodata' ...
[7/15] Installing and initializing D-Bus & system daemons...
ERROR: Package `dbus' already installed.
ERROR: Package `elogind' already installed.
ERROR: Package `dbus-elogind' already installed.
ERROR: Package `polkit' already installed.
ERROR: Package `polkit-elogind' already installed.
ERROR: Package `turnstile' already installed.
[*] Updating repository `https://repo-de.voidlinux.org/current/x86_64-repodata' ...
ln: failed to create symbolic link '/var/service/dbus': File exists
[8.1/15] Installing X11 applications...
ERROR: Package `adwaita-plus' already installed.
ERROR: Package `falkon' already installed.
ERROR: Package `kitty' already installed.
ERROR: Package `flameshot' already installed.
ERROR: Package `gmrun' already installed.
ERROR: Package `xbindkeys' already installed.
ERROR: Package `xdotool' already installed.
ERROR: Package `xev' already installed.
[*] Updating repository `https://repo-de.voidlinux.org/current/x86_64-repodata' ...
[8.2/15] Installing Thunar, file manager...
ERROR: Package `Thunar' already installed.
ERROR: Package `thunar-archive-plugin' already installed.
ERROR: Package `thunar-media-tags-plugin' already installed.
ERROR: Package `tumbler' already installed.
ERROR: Package `lximage-qt' already installed.
ERROR: Package `gvfs' already installed.
ERROR: Package `xarchiver' already installed.
[*] Updating repository `https://repo-de.voidlinux.org/current/x86_64-repodata' ...
[8.3/15] Installing icons...
ERROR: Package `papirus-icon-theme' already installed.
ERROR: Package `lxde-icon-theme' already installed.
ERROR: Package `xcursor-themes' already installed.
ERROR: Package `arc-theme' already installed.
[*] Updating repository `https://repo-de.voidlinux.org/current/x86_64-repodata' ...
[8.4/15] Installing Geany, text editor...
ERROR: Package `geany' already installed.
ERROR: Package `geany-editorconfig-plugin' already installed.
ERROR: Package `geany-plugins' already installed.
ERROR: Package `geany-plugins-extra' already installed.
[*] Updating repository `https://repo-de.voidlinux.org/current/x86_64-repodata' ...
[9/15] Setting up Picom compositor...
ERROR: Package `picom' already installed.
[*] Updating repository `https://repo-de.voidlinux.org/current/x86_64-repodata' ...
[10/15] Configuring system audio permissions...
ERROR: Package `pipewire' already installed.
ERROR: Package `alsa-plugins-pulseaudio' already installed.
ERROR: Package `wireplumber' already installed.
ERROR: Package `pavucontrol' already installed.
ERROR: Package `pamixer' already installed.
[*] Updating repository `https://repo-de.voidlinux.org/current/x86_64-repodata' ...
[11/15] Generating dynamic Openbox menus and autostart profiles...
:: A dynamic menu has been successfully generated!
[12.1/15] Fetching and installing Iosevka and Fira fonts...
ERROR: Package `font-firacode' already installed.
ERROR: Package `font-iosevka' already installed.
ERROR: Package `font-awesome' already installed.
[*] Updating repository `https://repo-de.voidlinux.org/current/x86_64-repodata' ...
ERROR: Package `nerd-fonts-ttf' already installed.
[*] Updating repository `https://repo-de.voidlinux.org/current/x86_64-repodata' ...
[12.3/15] Installing Jetbrain System fonts...
--2026-08-28 19:08:56--  https://download.jetbrains.com/fonts/JetBrainsMono-2.304.zip
Resolving download.jetbrains.com (download.jetbrains.com)... 108.157.150.43, 108.157.150.68, 108.157.150.13, ...
Connecting to download.jetbrains.com (download.jetbrains.com)|108.157.150.43|:443... connected.
HTTP request sent, awaiting response... 302 Moved Temporarily
Location: https://download-cdn.jetbrains.com/fonts/JetBrainsMono-2.304.zip [following]
--2026-08-28 19:08:57--  https://download-cdn.jetbrains.com/fonts/JetBrainsMono-2.304.zip
Resolving download-cdn.jetbrains.com (download-cdn.jetbrains.com)... 108.156.60.118, 108.156.60.97, 108.156.60.27, ...
Connecting to download-cdn.jetbrains.com (download-cdn.jetbrains.com)|108.156.60.118|:443... connected.
HTTP request sent, awaiting response... 200 OK
Length: 5622857 (5.4M) [binary/octet-stream]
Saving to: ‘JetBrainsMono-2.304.zip’

     0K .......... .......... .......... .......... ..........  0% 1.30M 4s
    50K .......... .......... .......... .......... ..........  1% 4.46M 3s
   100K .......... .......... .......... .......... ..........  2% 5.46M 2s
   150K .......... .......... .......... .......... ..........  3% 14.2M 2s
   200K .......... .......... .......... .......... ..........  4% 5.89M 1s
   250K .......... .......... .......... .......... ..........  5% 3.22M 1s
   300K .......... .......... .......... .......... ..........  6% 12.0M 1s
   350K .......... .......... .......... .......... ..........  7% 9.04M 1s
   400K .......... .......... .......... .......... ..........  8% 10.1M 1s
   450K .......... .......... .......... .......... ..........  9% 10.2M 1s
   500K .......... .......... .......... .......... .......... 10% 15.9M 1s
   550K .......... .......... .......... .......... .......... 10% 4.04M 1s
   600K .......... .......... .......... .......... .......... 11% 13.8M 1s
   650K .......... .......... .......... .......... .......... 12% 10.6M 1s
   700K .......... .......... .......... .......... .......... 13% 13.7M 1s
   750K .......... .......... .......... .......... .......... 14% 8.65M 1s
   800K .......... .......... .......... .......... .......... 15% 11.5M 1s
   850K .......... .......... .......... .......... .......... 16% 12.8M 1s
   900K .......... .......... .......... .......... .......... 17% 10.4M 1s
   950K .......... .......... .......... .......... .......... 18% 13.6M 1s
  1000K .......... .......... .......... .......... .......... 19% 8.87M 1s
  1050K .......... .......... .......... .......... .......... 20% 11.2M 1s
  1100K .......... .......... .......... .......... .......... 20% 10.4M 1s
  1150K .......... .......... .......... .......... .......... 21% 12.0M 1s
  1200K .......... .......... .......... .......... .......... 22% 12.1M 1s
  1250K .......... .......... .......... .......... .......... 23% 12.9M 1s
  1300K .......... .......... .......... .......... .......... 24% 12.1M 1s
  1350K .......... .......... .......... .......... .......... 25% 11.5M 1s
  1400K .......... .......... .......... .......... .......... 26% 4.96M 1s
  1450K .......... .......... .......... .......... .......... 27% 38.3M 1s
  1500K .......... .......... .......... .......... .......... 28% 16.8M 1s
  1550K .......... .......... .......... .......... .......... 29% 10.6M 1s
  1600K .......... .......... .......... .......... .......... 30% 11.6M 0s
  1650K .......... .......... .......... .......... .......... 30% 12.0M 0s
  1700K .......... .......... .......... .......... .......... 31% 11.8M 0s
  1750K .......... .......... .......... .......... .......... 32% 12.5M 0s
  1800K .......... .......... .......... .......... .......... 33% 3.94M 0s
  1850K .......... .......... .......... .......... .......... 34% 12.0M 0s
  1900K .......... .......... .......... .......... .......... 35% 8.62M 0s
  1950K .......... .......... .......... .......... .......... 36% 15.2M 0s
  2000K .......... .......... .......... .......... .......... 37% 10.9M 0s
  2050K .......... .......... .......... .......... .......... 38% 10.8M 0s
  2100K .......... .......... .......... .......... .......... 39% 14.2M 0s
  2150K .......... .......... .......... .......... .......... 40% 11.4M 0s
  2200K .......... .......... .......... .......... .......... 40% 9.68M 0s
  2250K .......... .......... .......... .......... .......... 41% 15.7M 0s
  2300K .......... .......... .......... .......... .......... 42% 8.83M 0s
  2350K .......... .......... .......... .......... .......... 43% 11.0M 0s
  2400K .......... .......... .......... .......... .......... 44% 11.3M 0s
  2450K .......... .......... .......... .......... .......... 45% 11.1M 0s
  2500K .......... .......... .......... .......... .......... 46% 11.9M 0s
  2550K .......... .......... .......... .......... .......... 47% 12.2M 0s
  2600K .......... .......... .......... .......... .......... 48% 9.38M 0s
  2650K .......... .......... .......... .......... .......... 49% 14.7M 0s
  2700K .......... .......... .......... .......... .......... 50% 11.4M 0s
  2750K .......... .......... .......... .......... .......... 50% 10.1M 0s
  2800K .......... .......... .......... .......... .......... 51% 9.09M 0s
  2850K .......... .......... .......... .......... .......... 52% 12.4M 0s
  2900K .......... .......... .......... .......... .......... 53% 11.3M 0s
  2950K .......... .......... .......... .......... .......... 54% 11.3M 0s
  3000K .......... .......... .......... .......... .......... 55% 10.2M 0s
  3050K .......... .......... .......... .......... .......... 56% 13.8M 0s
  3100K .......... .......... .......... .......... .......... 57% 8.55M 0s
  3150K .......... .......... .......... .......... .......... 58% 17.6M 0s
  3200K .......... .......... .......... .......... .......... 59% 8.71M 0s
  3250K .......... .......... .......... .......... .......... 60% 11.6M 0s
  3300K .......... .......... .......... .......... .......... 61% 10.7M 0s
  3350K .......... .......... .......... .......... .......... 61% 10.3M 0s
  3400K .......... .......... .......... .......... .......... 62% 12.4M 0s
  3450K .......... .......... .......... .......... .......... 63% 14.3M 0s
  3500K .......... .......... .......... .......... .......... 64% 11.0M 0s
  3550K .......... .......... .......... .......... .......... 65% 10.9M 0s
  3600K .......... .......... .......... .......... .......... 66% 8.43M 0s
  3650K .......... .......... .......... .......... .......... 67% 10.7M 0s
  3700K .......... .......... .......... .......... .......... 68% 9.04M 0s
  3750K .......... .......... .......... .......... .......... 69% 18.0M 0s
  3800K .......... .......... .......... .......... .......... 70% 10.6M 0s
  3850K .......... .......... .......... .......... .......... 71% 13.0M 0s
  3900K .......... .......... .......... .......... .......... 71% 10.6M 0s
  3950K .......... .......... .......... .......... .......... 72% 12.0M 0s
  4000K .......... .......... .......... .......... .......... 73% 1.12M 0s
  4050K .......... .......... .......... .......... .......... 74%  158M 0s
  4100K .......... .......... .......... .......... .......... 75% 42.7M 0s
  4150K .......... .......... .......... .......... .......... 76%  164M 0s
  4200K .......... .......... .......... .......... .......... 77% 98.0M 0s
  4250K .......... .......... .......... .......... .......... 78% 17.3M 0s
  4300K .......... .......... .......... .......... .......... 79%  174M 0s
  4350K .......... .......... .......... .......... .......... 80% 44.8M 0s
  4400K .......... .......... .......... .......... .......... 81% 3.24M 0s
  4450K .......... .......... .......... .......... .......... 81% 8.93M 0s
  4500K .......... .......... .......... .......... .......... 82% 16.7M 0s
  4550K .......... .......... .......... .......... .......... 83% 11.1M 0s
  4600K .......... .......... .......... .......... .......... 84% 9.99M 0s
  4650K .......... .......... .......... .......... .......... 85% 12.7M 0s
  4700K .......... .......... .......... .......... .......... 86% 11.3M 0s
  4750K .......... .......... .......... .......... .......... 87% 14.5M 0s
  4800K .......... .......... .......... .......... .......... 88% 7.89M 0s
  4850K .......... .......... .......... .......... .......... 89% 12.9M 0s
  4900K .......... .......... .......... .......... .......... 90% 12.4M 0s
  4950K .......... .......... .......... .......... .......... 91% 10.2M 0s
  5000K .......... .......... .......... .......... .......... 91% 12.3M 0s
  5050K .......... .......... .......... .......... .......... 92% 8.69M 0s
  5100K .......... .......... .......... .......... .......... 93% 18.2M 0s
  5150K .......... .......... .......... .......... .......... 94% 11.1M 0s
  5200K .......... .......... .......... .......... .......... 95% 9.43M 0s
  5250K .......... .......... .......... .......... .......... 96% 9.03M 0s
  5300K .......... .......... .......... .......... .......... 97% 14.7M 0s
  5350K .......... .......... .......... .......... .......... 98% 13.4M 0s
  5400K .......... .......... .......... .......... .......... 99% 12.0M 0s
  5450K .......... .......... .......... .......... .         100% 11.7M=0.6s

2026-08-28 19:08:58 (9.29 MB/s) - ‘JetBrainsMono-2.304.zip’ saved [5622857/5622857]

Archive:  JetBrainsMono-2.304.zip
   creating: /tmp/jetbrains-mono/fonts/webfonts/
  inflating: /tmp/jetbrains-mono/fonts/webfonts/JetBrainsMono-Light.woff2  
  inflating: /tmp/jetbrains-mono/fonts/webfonts/JetBrainsMono-ExtraBold.woff2  
  inflating: /tmp/jetbrains-mono/fonts/webfonts/JetBrainsMono-SemiBoldItalic.woff2  
  inflating: /tmp/jetbrains-mono/fonts/webfonts/JetBrainsMono-ThinItalic.woff2  
  inflating: /tmp/jetbrains-mono/fonts/webfonts/JetBrainsMono-Regular.woff2  
  inflating: /tmp/jetbrains-mono/fonts/webfonts/JetBrainsMono-MediumItalic.woff2  
  inflating: /tmp/jetbrains-mono/fonts/webfonts/JetBrainsMono-Italic.woff2  
  inflating: /tmp/jetbrains-mono/fonts/webfonts/JetBrainsMono-Medium.woff2  
  inflating: /tmp/jetbrains-mono/fonts/webfonts/JetBrainsMono-ExtraLightItalic.woff2  
  inflating: /tmp/jetbrains-mono/fonts/webfonts/JetBrainsMono-LightItalic.woff2  
  inflating: /tmp/jetbrains-mono/fonts/webfonts/JetBrainsMono-ExtraBoldItalic.woff2  
  inflating: /tmp/jetbrains-mono/fonts/webfonts/JetBrainsMono-Bold.woff2  
  inflating: /tmp/jetbrains-mono/fonts/webfonts/JetBrainsMono-SemiBold.woff2  
  inflating: /tmp/jetbrains-mono/fonts/webfonts/JetBrainsMono-ExtraLight.woff2  
  inflating: /tmp/jetbrains-mono/fonts/webfonts/JetBrainsMono-Thin.woff2  
  inflating: /tmp/jetbrains-mono/fonts/webfonts/JetBrainsMono-BoldItalic.woff2  
   creating: /tmp/jetbrains-mono/fonts/variable/
  inflating: /tmp/jetbrains-mono/fonts/variable/JetBrainsMono-Italic[wght].ttf  
  inflating: /tmp/jetbrains-mono/fonts/variable/JetBrainsMono[wght].ttf  
   creating: /tmp/jetbrains-mono/fonts/ttf/
  inflating: /tmp/jetbrains-mono/fonts/ttf/JetBrainsMono-Light.ttf  
  inflating: /tmp/jetbrains-mono/fonts/ttf/JetBrainsMonoNL-Medium.ttf  
  inflating: /tmp/jetbrains-mono/fonts/ttf/JetBrainsMono-Italic.ttf  
  inflating: /tmp/jetbrains-mono/fonts/ttf/JetBrainsMono-ExtraLightItalic.ttf  
  inflating: /tmp/jetbrains-mono/fonts/ttf/JetBrainsMonoNL-Thin.ttf  
  inflating: /tmp/jetbrains-mono/fonts/ttf/JetBrainsMono-ExtraBold.ttf  
  inflating: /tmp/jetbrains-mono/fonts/ttf/JetBrainsMono-SemiBoldItalic.ttf  
  inflating: /tmp/jetbrains-mono/fonts/ttf/JetBrainsMonoNL-ExtraBold.ttf  
  inflating: /tmp/jetbrains-mono/fonts/ttf/JetBrainsMonoNL-ExtraLightItalic.ttf  
  inflating: /tmp/jetbrains-mono/fonts/ttf/JetBrainsMono-Regular.ttf  
  inflating: /tmp/jetbrains-mono/fonts/ttf/JetBrainsMono-LightItalic.ttf  
  inflating: /tmp/jetbrains-mono/fonts/ttf/JetBrainsMono-Medium.ttf  
  inflating: /tmp/jetbrains-mono/fonts/ttf/JetBrainsMonoNL-BoldItalic.ttf  
  inflating: /tmp/jetbrains-mono/fonts/ttf/JetBrainsMono-BoldItalic.ttf  
  inflating: /tmp/jetbrains-mono/fonts/ttf/JetBrainsMono-Thin.ttf  
  inflating: /tmp/jetbrains-mono/fonts/ttf/JetBrainsMono-Bold.ttf  
  inflating: /tmp/jetbrains-mono/fonts/ttf/JetBrainsMonoNL-ExtraLight.ttf  
  inflating: /tmp/jetbrains-mono/fonts/ttf/JetBrainsMonoNL-Light.ttf  
  inflating: /tmp/jetbrains-mono/fonts/ttf/JetBrainsMono-SemiBold.ttf  
  inflating: /tmp/jetbrains-mono/fonts/ttf/JetBrainsMonoNL-SemiBold.ttf  
  inflating: /tmp/jetbrains-mono/fonts/ttf/JetBrainsMonoNL-ExtraBoldItalic.ttf  
  inflating: /tmp/jetbrains-mono/fonts/ttf/JetBrainsMono-ThinItalic.ttf  
  inflating: /tmp/jetbrains-mono/fonts/ttf/JetBrainsMonoNL-ThinItalic.ttf  
  inflating: /tmp/jetbrains-mono/fonts/ttf/JetBrainsMono-ExtraLight.ttf  
  inflating: /tmp/jetbrains-mono/fonts/ttf/JetBrainsMonoNL-MediumItalic.ttf  
  inflating: /tmp/jetbrains-mono/fonts/ttf/JetBrainsMono-MediumItalic.ttf  
  inflating: /tmp/jetbrains-mono/fonts/ttf/JetBrainsMono-ExtraBoldItalic.ttf  
  inflating: /tmp/jetbrains-mono/fonts/ttf/JetBrainsMonoNL-Italic.ttf  
  inflating: /tmp/jetbrains-mono/fonts/ttf/JetBrainsMonoNL-LightItalic.ttf  
  inflating: /tmp/jetbrains-mono/fonts/ttf/JetBrainsMonoNL-Bold.ttf  
  inflating: /tmp/jetbrains-mono/fonts/ttf/JetBrainsMonoNL-Regular.ttf  
  inflating: /tmp/jetbrains-mono/fonts/ttf/JetBrainsMonoNL-SemiBoldItalic.ttf  
  inflating: /tmp/jetbrains-mono/OFL.txt  
  inflating: /tmp/jetbrains-mono/AUTHORS.txt  
rm: cannot remove '/tmp/jetbrains-mono/': Is a directory
Font directories:
	/home/peter/.local/share/fonts
	/usr/local/share/fonts
	/usr/share/fonts
	/home/peter/.fonts
	/home/peter/.local/share/fonts/JetbrainsMono
	/usr/share/fonts/NerdFonts
	/usr/share/fonts/OTF
	/usr/share/fonts/TTF
	/usr/share/fonts/Type1
	/usr/share/fonts/X11
	/usr/share/fonts/cantarell
	/usr/share/fonts/xscreensaver
	/usr/share/fonts/NerdFonts/ttf
	/usr/share/fonts/X11/100dpi
	/usr/share/fonts/X11/75dpi
	/usr/share/fonts/X11/TTF
	/usr/share/fonts/X11/Type1
	/usr/share/fonts/X11/cyrillic
	/usr/share/fonts/X11/encodings
	/usr/share/fonts/X11/misc
	/usr/share/fonts/X11/util
	/usr/share/fonts/NerdFonts/ttf/symbols
	/usr/share/fonts/X11/encodings/large
/home/peter/.local/share/fonts: caching, new cache contents: 0 fonts, 1 dirs
/home/peter/.local/share/fonts/JetbrainsMono: caching, new cache contents: 32 fonts, 0 dirs
/usr/local/share/fonts: skipping, no such directory
/usr/share/fonts: caching, new cache contents: 0 fonts, 7 dirs
/usr/share/fonts/NerdFonts: caching, new cache contents: 0 fonts, 1 dirs
/usr/share/fonts/NerdFonts/ttf: caching, new cache contents: 1770 fonts, 1 dirs
/usr/share/fonts/NerdFonts/ttf/symbols: caching, new cache contents: 2 fonts, 0 dirs
/usr/share/fonts/OTF: caching, new cache contents: 36 fonts, 0 dirs
/usr/share/fonts/TTF: caching, new cache contents: 711 fonts, 0 dirs
/usr/share/fonts/Type1: caching, new cache contents: 35 fonts, 0 dirs
/usr/share/fonts/X11: caching, new cache contents: 0 fonts, 8 dirs
/usr/share/fonts/X11/100dpi: caching, new cache contents: 398 fonts, 0 dirs
/usr/share/fonts/X11/75dpi: caching, new cache contents: 398 fonts, 0 dirs
/usr/share/fonts/X11/TTF: caching, new cache contents: 12 fonts, 0 dirs
/usr/share/fonts/X11/Type1: caching, new cache contents: 28 fonts, 0 dirs
/usr/share/fonts/X11/cyrillic: caching, new cache contents: 0 fonts, 0 dirs
/usr/share/fonts/X11/encodings: caching, new cache contents: 0 fonts, 1 dirs
/usr/share/fonts/X11/encodings/large: caching, new cache contents: 0 fonts, 0 dirs
/usr/share/fonts/X11/misc: caching, new cache contents: 53 fonts, 0 dirs
/usr/share/fonts/X11/util: caching, new cache contents: 0 fonts, 0 dirs
/usr/share/fonts/cantarell: caching, new cache contents: 6 fonts, 0 dirs
/usr/share/fonts/xscreensaver: caching, new cache contents: 5 fonts, 0 dirs
/home/peter/.fonts: skipping, no such directory
/home/peter/.local/share/fonts/JetbrainsMono: skipping, looped directory detected
/usr/share/fonts/NerdFonts: skipping, looped directory detected
/usr/share/fonts/OTF: skipping, looped directory detected
/usr/share/fonts/TTF: skipping, looped directory detected
/usr/share/fonts/Type1: skipping, looped directory detected
/usr/share/fonts/X11: skipping, looped directory detected
/usr/share/fonts/cantarell: skipping, looped directory detected
/usr/share/fonts/xscreensaver: skipping, looped directory detected
/usr/share/fonts/NerdFonts/ttf: skipping, looped directory detected
/usr/share/fonts/X11/100dpi: skipping, looped directory detected
/usr/share/fonts/X11/75dpi: skipping, looped directory detected
/usr/share/fonts/X11/TTF: skipping, looped directory detected
/usr/share/fonts/X11/Type1: skipping, looped directory detected
/usr/share/fonts/X11/cyrillic: skipping, looped directory detected
/usr/share/fonts/X11/encodings: skipping, looped directory detected
/usr/share/fonts/X11/misc: skipping, looped directory detected
/usr/share/fonts/X11/util: skipping, looped directory detected
/usr/share/fonts/NerdFonts/ttf/symbols: skipping, looped directory detected
/usr/share/fonts/X11/encodings/large: skipping, looped directory detected
/var/cache/fontconfig: not cleaning unwritable cache directory
/home/peter/.cache/fontconfig: cleaning cache directory
/home/peter/.fontconfig: not cleaning non-existent cache directory
fc-cache: succeeded
[13/15] Customizing interactive shells (Fish & other components)...
ERROR: Package `fish-shell' already installed.
ERROR: Package `bat' already installed.
ERROR: Package `eza' already installed.
ERROR: Package `fd' already installed.
ERROR: Package `fzf' already installed.
ERROR: Package `starship' already installed.
ERROR: Package `fd' already installed.
ERROR: Package `zoxide' already installed.
[*] Updating repository `https://repo-de.voidlinux.org/current/x86_64-repodata' ...
--2026-08-28 19:09:14--  https://github.com/ful1e5/Bibata_Cursor/releases/download/v2.0.7/Bibata-Modern-Classic.tar.xz
Resolving github.com (github.com)... 140.82.121.4
Connecting to github.com (github.com)|140.82.121.4|:443... connected.
HTTP request sent, awaiting response... 302 Found
Location: https://release-assets.githubusercontent.com/github-production-release-asset/108837747/fc889d8e-79b6-419e-9950-b55899d25fbb?sp=r&sv=2018-11-09&sr=b&spr=https&se=2026-08-28T17%3A46%3A42Z&rscd=attachment%3B+filename%3DBibata-Modern-Classic.tar.xz&rsct=application%2Foctet-stream&skoid=96c2d410-5711-43a1-aedd-ab1947aa7ab0&sktid=398a6654-997b-47e9-b12b-9515b896b4de&skt=2026-08-28T16%3A45%3A47Z&ske=2026-08-28T17%3A46%3A42Z&sks=b&skv=2018-11-09&sig=Klu8BM5YcFzHBDj6eoi7Av13yvRC6v9hRgGI8xlPNhY%3D&jwt=eyJ0eXAiOiJKV1QiLCJhbGciOiJIUzI1NiJ9.eyJpc3MiOiJnaXRodWIuY29tIiwiYXVkIjoicmVsZWFzZS1hc3NldHMuZ2l0aHVidXNlcmNvbnRlbnQuY29tIiwia2V5Ijoia2V5MSIsImV4cCI6MTc4NzkzNzE3OSwibmJmIjoxNzg3OTM2ODc5LCJwYXRoIjoicmVsZWFzZWFzc2V0cHJvZHVjdGlvbi5ibG9iLmNvcmUud2luZG93cy5uZXQifQ.1R7drnRwvHSNa0i8diKNSEx1F_aL23k3SWM0upN6_qI&response-content-disposition=attachment%3B%20filename%3DBibata-Modern-Classic.tar.xz&response-content-type=application%2Foctet-stream [following]
--2026-08-28 19:09:15--  https://release-assets.githubusercontent.com/github-production-release-asset/108837747/fc889d8e-79b6-419e-9950-b55899d25fbb?sp=r&sv=2018-11-09&sr=b&spr=https&se=2026-08-28T17%3A46%3A42Z&rscd=attachment%3B+filename%3DBibata-Modern-Classic.tar.xz&rsct=application%2Foctet-stream&skoid=96c2d410-5711-43a1-aedd-ab1947aa7ab0&sktid=398a6654-997b-47e9-b12b-9515b896b4de&skt=2026-08-28T16%3A45%3A47Z&ske=2026-08-28T17%3A46%3A42Z&sks=b&skv=2018-11-09&sig=Klu8BM5YcFzHBDj6eoi7Av13yvRC6v9hRgGI8xlPNhY%3D&jwt=eyJ0eXAiOiJKV1QiLCJhbGciOiJIUzI1NiJ9.eyJpc3MiOiJnaXRodWIuY29tIiwiYXVkIjoicmVsZWFzZS1hc3NldHMuZ2l0aHVidXNlcmNvbnRlbnQuY29tIiwia2V5Ijoia2V5MSIsImV4cCI6MTc4NzkzNzE3OSwibmJmIjoxNzg3OTM2ODc5LCJwYXRoIjoicmVsZWFzZWFzc2V0cHJvZHVjdGlvbi5ibG9iLmNvcmUud2luZG93cy5uZXQifQ.1R7drnRwvHSNa0i8diKNSEx1F_aL23k3SWM0upN6_qI&response-content-disposition=attachment%3B%20filename%3DBibata-Modern-Classic.tar.xz&response-content-type=application%2Foctet-stream
Resolving release-assets.githubusercontent.com (release-assets.githubusercontent.com)... 185.199.111.133, 185.199.108.133, 185.199.109.133, ...
Connecting to release-assets.githubusercontent.com (release-assets.githubusercontent.com)|185.199.111.133|:443... connected.
HTTP request sent, awaiting response... 200 OK
Length: 1767748 (1.7M) [application/octet-stream]
Saving to: ‘Bibata-Modern-Classic.tar.xz’

     0K .......... .......... .......... .......... ..........  2% 1.88M 1s
    50K .......... .......... .......... .......... ..........  5% 1.32M 1s
   100K .......... .......... .......... .......... ..........  8% 7.41M 1s
   150K .......... .......... .......... .......... .......... 11% 7.13M 1s
   200K .......... .......... .......... .......... .......... 14% 5.66M 1s
   250K .......... .......... .......... .......... .......... 17% 8.83M 0s
   300K .......... .......... .......... .......... .......... 20% 13.1M 0s
   350K .......... .......... .......... .......... .......... 23% 9.23M 0s
   400K .......... .......... .......... .......... .......... 26% 14.2M 0s
   450K .......... .......... .......... .......... .......... 28% 15.2M 0s
   500K .......... .......... .......... .......... .......... 31% 8.04M 0s
   550K .......... .......... .......... .......... .......... 34% 16.5M 0s
   600K .......... .......... .......... .......... .......... 37% 11.7M 0s
   650K .......... .......... .......... .......... .......... 40% 10.2M 0s
   700K .......... .......... .......... .......... .......... 43% 9.68M 0s
   750K .......... .......... .......... .......... .......... 46% 10.6M 0s
   800K .......... .......... .......... .......... .......... 49% 11.6M 0s
   850K .......... .......... .......... .......... .......... 52% 10.6M 0s
   900K .......... .......... .......... .......... .......... 55% 88.2M 0s
   950K .......... .......... .......... .......... .......... 57% 6.56M 0s
  1000K .......... .......... .......... .......... .......... 60% 48.9M 0s
  1050K .......... .......... .......... .......... .......... 63% 6.32M 0s
  1100K .......... .......... .......... .......... .......... 66% 7.30M 0s
  1150K .......... .......... .......... .......... .......... 69%  123M 0s
  1200K .......... .......... .......... .......... .......... 72% 13.3M 0s
  1250K .......... .......... .......... .......... .......... 75% 10.8M 0s
  1300K .......... .......... .......... .......... .......... 78% 12.6M 0s
  1350K .......... .......... .......... .......... .......... 81% 10.5M 0s
  1400K .......... .......... .......... .......... .......... 83% 11.8M 0s
  1450K .......... .......... .......... .......... .......... 86% 9.71M 0s
  1500K .......... .......... .......... .......... .......... 89% 10.7M 0s
  1550K .......... .......... .......... .......... .......... 92% 10.6M 0s
  1600K .......... .......... .......... .......... .......... 95% 10.5M 0s
  1650K .......... .......... .......... .......... .......... 98% 12.1M 0s
  1700K .......... .......... ......                          100%  129M=0.2s

2026-08-28 19:09:15 (8.01 MB/s) - ‘Bibata-Modern-Classic.tar.xz’ saved [1767748/1767748]

--2026-08-28 19:09:15--  https://github.com/ful1e5/Bibata_Cursor/releases/download/v2.0.7/Bibata-Modern-Ice-Right.tar.xz
Resolving github.com (github.com)... 140.82.121.4
Connecting to github.com (github.com)|140.82.121.4|:443... connected.
HTTP request sent, awaiting response... 302 Found
Location: https://release-assets.githubusercontent.com/github-production-release-asset/108837747/dcf6cb96-d221-4086-93df-cdc44eef8c06?sp=r&sv=2018-11-09&sr=b&spr=https&se=2026-08-28T17%3A47%3A29Z&rscd=attachment%3B+filename%3DBibata-Modern-Ice-Right.tar.xz&rsct=application%2Foctet-stream&skoid=96c2d410-5711-43a1-aedd-ab1947aa7ab0&sktid=398a6654-997b-47e9-b12b-9515b896b4de&skt=2026-08-28T16%3A47%3A29Z&ske=2026-08-28T17%3A47%3A29Z&sks=b&skv=2018-11-09&sig=D2TE5BlcVfcP1Jj4swiPV5Gghc%2Fyl0kLJDvc86upmys%3D&jwt=eyJ0eXAiOiJKV1QiLCJhbGciOiJIUzI1NiJ9.eyJpc3MiOiJnaXRodWIuY29tIiwiYXVkIjoicmVsZWFzZS1hc3NldHMuZ2l0aHVidXNlcmNvbnRlbnQuY29tIiwia2V5Ijoia2V5MSIsImV4cCI6MTc4NzkzNzI1NiwibmJmIjoxNzg3OTM2OTU2LCJwYXRoIjoicmVsZWFzZWFzc2V0cHJvZHVjdGlvbi5ibG9iLmNvcmUud2luZG93cy5uZXQifQ.BA60KDSSwlaWhQ3l2ls6BOdjDX2J_Kh-BOCvzRaRQFg&response-content-disposition=attachment%3B%20filename%3DBibata-Modern-Ice-Right.tar.xz&response-content-type=application%2Foctet-stream [following]
--2026-08-28 19:09:16--  https://release-assets.githubusercontent.com/github-production-release-asset/108837747/dcf6cb96-d221-4086-93df-cdc44eef8c06?sp=r&sv=2018-11-09&sr=b&spr=https&se=2026-08-28T17%3A47%3A29Z&rscd=attachment%3B+filename%3DBibata-Modern-Ice-Right.tar.xz&rsct=application%2Foctet-stream&skoid=96c2d410-5711-43a1-aedd-ab1947aa7ab0&sktid=398a6654-997b-47e9-b12b-9515b896b4de&skt=2026-08-28T16%3A47%3A29Z&ske=2026-08-28T17%3A47%3A29Z&sks=b&skv=2018-11-09&sig=D2TE5BlcVfcP1Jj4swiPV5Gghc%2Fyl0kLJDvc86upmys%3D&jwt=eyJ0eXAiOiJKV1QiLCJhbGciOiJIUzI1NiJ9.eyJpc3MiOiJnaXRodWIuY29tIiwiYXVkIjoicmVsZWFzZS1hc3NldHMuZ2l0aHVidXNlcmNvbnRlbnQuY29tIiwia2V5Ijoia2V5MSIsImV4cCI6MTc4NzkzNzI1NiwibmJmIjoxNzg3OTM2OTU2LCJwYXRoIjoicmVsZWFzZWFzc2V0cHJvZHVjdGlvbi5ibG9iLmNvcmUud2luZG93cy5uZXQifQ.BA60KDSSwlaWhQ3l2ls6BOdjDX2J_Kh-BOCvzRaRQFg&response-content-disposition=attachment%3B%20filename%3DBibata-Modern-Ice-Right.tar.xz&response-content-type=application%2Foctet-stream
Resolving release-assets.githubusercontent.com (release-assets.githubusercontent.com)... 185.199.110.133, 185.199.108.133, 185.199.109.133, ...
Connecting to release-assets.githubusercontent.com (release-assets.githubusercontent.com)|185.199.110.133|:443... connected.
HTTP request sent, awaiting response... 200 OK
Length: 1709720 (1.6M) [application/octet-stream]
Saving to: ‘Bibata-Modern-Ice-Right.tar.xz’

     0K .......... .......... .......... .......... ..........  2% 2.16M 1s
    50K .......... .......... .......... .......... ..........  5% 3.53M 1s
   100K .......... .......... .......... .......... ..........  8% 10.3M 0s
   150K .......... .......... .......... .......... .......... 11% 13.2M 0s
   200K .......... .......... .......... .......... .......... 14% 11.3M 0s
   250K .......... .......... .......... .......... .......... 17% 4.53M 0s
   300K .......... .......... .......... .......... .......... 20% 15.8M 0s
   350K .......... .......... .......... .......... .......... 23% 9.27M 0s
   400K .......... .......... .......... .......... .......... 26% 12.4M 0s
   450K .......... .......... .......... .......... .......... 29% 13.6M 0s
   500K .......... .......... .......... .......... .......... 32% 7.25M 0s
   550K .......... .......... .......... .......... .......... 35% 18.6M 0s
   600K .......... .......... .......... .......... .......... 38% 14.5M 0s
   650K .......... .......... .......... .......... .......... 41% 10.5M 0s
   700K .......... .......... .......... .......... .......... 44% 14.4M 0s
   750K .......... .......... .......... .......... .......... 47% 7.26M 0s
   800K .......... .......... .......... .......... .......... 50% 16.4M 0s
   850K .......... .......... .......... .......... .......... 53% 11.8M 0s
   900K .......... .......... .......... .......... .......... 56% 10.3M 0s
   950K .......... .......... .......... .......... .......... 59% 13.7M 0s
  1000K .......... .......... .......... .......... .......... 62% 10.5M 0s
  1050K .......... .......... .......... .......... .......... 65% 12.3M 0s
  1100K .......... .......... .......... .......... .......... 68% 12.3M 0s
  1150K .......... .......... .......... .......... .......... 71% 8.83M 0s
  1200K .......... .......... .......... .......... .......... 74% 10.6M 0s
  1250K .......... .......... .......... .......... .......... 77% 11.6M 0s
  1300K .......... .......... .......... .......... .......... 80% 13.1M 0s
  1350K .......... .......... .......... .......... .......... 83% 10.9M 0s
  1400K .......... .......... .......... .......... .......... 86% 11.4M 0s
  1450K .......... .......... .......... .......... .......... 89% 10.7M 0s
  1500K .......... .......... .......... .......... .......... 92% 13.8M 0s
  1550K .......... .......... .......... .......... .......... 95% 8.06M 0s
  1600K .......... .......... .......... .......... .......... 98% 11.0M 0s
  1650K .......... .........                                  100%  143M=0.2s

2026-08-28 19:09:16 (9.22 MB/s) - ‘Bibata-Modern-Ice-Right.tar.xz’ saved [1709720/1709720]

Bibata-Modern-Classic/
Bibata-Modern-Classic/cursor.theme
Bibata-Modern-Classic/index.theme
Bibata-Modern-Classic/cursors/
Bibata-Modern-Classic/cursors/arrow
Bibata-Modern-Classic/cursors/dnd-copy
Bibata-Modern-Classic/cursors/nwse-resize
Bibata-Modern-Classic/cursors/hand1
Bibata-Modern-Classic/cursors/copy
Bibata-Modern-Classic/cursors/size-hor
Bibata-Modern-Classic/cursors/right-arrow
Bibata-Modern-Classic/cursors/9d800788f1b08800ae810202380a0822
Bibata-Modern-Classic/cursors/size_bdiag
Bibata-Modern-Classic/cursors/3ecb610c1bf2410f44200f48c40d3599
Bibata-Modern-Classic/cursors/3085a0e285430894940527032f8b26df
Bibata-Modern-Classic/cursors/b66166c04f8c3109214a4fbd64a50fc8
Bibata-Modern-Classic/cursors/cell
Bibata-Modern-Classic/cursors/grab
Bibata-Modern-Classic/cursors/fleur
Bibata-Modern-Classic/cursors/dot_box_mask
Bibata-Modern-Classic/cursors/ibeam
Bibata-Modern-Classic/cursors/tcross
Bibata-Modern-Classic/cursors/top_left_corner
Bibata-Modern-Classic/cursors/help
Bibata-Modern-Classic/cursors/diamond_cross
Bibata-Modern-Classic/cursors/color-picker
Bibata-Modern-Classic/cursors/00000000000000020006000e7e9ffc3f
Bibata-Modern-Classic/cursors/08e8e1c95fe2fc01f976f1e063a24ccd
Bibata-Modern-Classic/cursors/no-drop
Bibata-Modern-Classic/cursors/a2a266d0498c3104214a47bd64ab0fc8
Bibata-Modern-Classic/cursors/nesw-resize
Bibata-Modern-Classic/cursors/move
Bibata-Modern-Classic/cursors/split_h
Bibata-Modern-Classic/cursors/closedhand
Bibata-Modern-Classic/cursors/dotbox
Bibata-Modern-Classic/cursors/plus
Bibata-Modern-Classic/cursors/grabbing
Bibata-Modern-Classic/cursors/5c6cd98b3f3ebcb1f9c7f1c204630408
Bibata-Modern-Classic/cursors/pointer
Bibata-Modern-Classic/cursors/question_arrow
Bibata-Modern-Classic/cursors/fd_double_arrow
Bibata-Modern-Classic/cursors/pirate
Bibata-Modern-Classic/cursors/14fef782d02440884392942c1120523
Bibata-Modern-Classic/cursors/00008160000006810000408080010102
Bibata-Modern-Classic/cursors/ew-resize
Bibata-Modern-Classic/cursors/2870a09082c103050810ffdffffe0204
Bibata-Modern-Classic/cursors/zoom-in
Bibata-Modern-Classic/cursors/icon
Bibata-Modern-Classic/cursors/pointing_hand
Bibata-Modern-Classic/cursors/bottom_side
Bibata-Modern-Classic/cursors/crosshair
Bibata-Modern-Classic/cursors/right_side
Bibata-Modern-Classic/cursors/forbidden
Bibata-Modern-Classic/cursors/028006030e0e7ebffc7f7070c0600140
Bibata-Modern-Classic/cursors/size_fdiag
Bibata-Modern-Classic/cursors/nw-resize
Bibata-Modern-Classic/cursors/left_ptr_help
Bibata-Modern-Classic/cursors/double_arrow
Bibata-Modern-Classic/cursors/sb_h_double_arrow
Bibata-Modern-Classic/cursors/ne-resize
Bibata-Modern-Classic/cursors/left-arrow
Bibata-Modern-Classic/cursors/bd_double_arrow
Bibata-Modern-Classic/cursors/top_right_corner
Bibata-Modern-Classic/cursors/watch
Bibata-Modern-Classic/cursors/dnd-move
Bibata-Modern-Classic/cursors/e-resize
Bibata-Modern-Classic/cursors/draft
Bibata-Modern-Classic/cursors/target
Bibata-Modern-Classic/cursors/openhand
Bibata-Modern-Classic/cursors/4498f0e0c1937ffe01fd06f973665830
Bibata-Modern-Classic/cursors/e29285e634086352946a0e7090d73106
Bibata-Modern-Classic/cursors/sb_left_arrow
Bibata-Modern-Classic/cursors/cross_reverse
Bibata-Modern-Classic/cursors/default
Bibata-Modern-Classic/cursors/down-arrow
Bibata-Modern-Classic/cursors/crossed_circle
Bibata-Modern-Classic/cursors/ur_angle
Bibata-Modern-Classic/cursors/top_tee
Bibata-Modern-Classic/cursors/draped_box
Bibata-Modern-Classic/cursors/bottom_tee
Bibata-Modern-Classic/cursors/s-resize
Bibata-Modern-Classic/cursors/left_ptr_watch
Bibata-Modern-Classic/cursors/6407b0e94181790501fd1e167b474872
Bibata-Modern-Classic/cursors/03b6e0fcb3499374a867c041f52298f0
Bibata-Modern-Classic/cursors/right_tee
Bibata-Modern-Classic/cursors/hand2
Bibata-Modern-Classic/cursors/size_all
Bibata-Modern-Classic/cursors/draft_small
Bibata-Modern-Classic/cursors/pencil
Bibata-Modern-Classic/cursors/cross
Bibata-Modern-Classic/cursors/bottom_left_corner
Bibata-Modern-Classic/cursors/sb_right_arrow
Bibata-Modern-Classic/cursors/right_ptr
Bibata-Modern-Classic/cursors/split_v
Bibata-Modern-Classic/cursors/1081e37283d90000800003c07f3ef6bf
Bibata-Modern-Classic/cursors/circle
Bibata-Modern-Classic/cursors/se-resize
Bibata-Modern-Classic/cursors/zoom-out
Bibata-Modern-Classic/cursors/pointer-move
Bibata-Modern-Classic/cursors/ns-resize
Bibata-Modern-Classic/cursors/whats_this
Bibata-Modern-Classic/cursors/row-resize
Bibata-Modern-Classic/cursors/alias
Bibata-Modern-Classic/cursors/c7088f0f3e6c8088236ef8e1e3e70000
Bibata-Modern-Classic/cursors/sb_v_double_arrow
Bibata-Modern-Classic/cursors/dnd-link
Bibata-Modern-Classic/cursors/context-menu
Bibata-Modern-Classic/cursors/wayland-cursor
Bibata-Modern-Classic/cursors/9081237383d90e509aa00f00170e968f
Bibata-Modern-Classic/cursors/fcf21c00b30f7e3f83fe0dfd12e71cff
Bibata-Modern-Classic/cursors/all-scroll
Bibata-Modern-Classic/cursors/draft_large
Bibata-Modern-Classic/cursors/v_double_arrow
Bibata-Modern-Classic/cursors/up-arrow
Bibata-Modern-Classic/cursors/top_side
Bibata-Modern-Classic/cursors/X_cursor
Bibata-Modern-Classic/cursors/wait
Bibata-Modern-Classic/cursors/vertical-text
Bibata-Modern-Classic/cursors/d9ce0ab605698f320427677b458ad60b
Bibata-Modern-Classic/cursors/left_tee
Bibata-Modern-Classic/cursors/left_ptr
Bibata-Modern-Classic/cursors/n-resize
Bibata-Modern-Classic/cursors/left_side
Bibata-Modern-Classic/cursors/xterm
Bibata-Modern-Classic/cursors/640fb0e74195791501fd1ed57b41487f
Bibata-Modern-Classic/cursors/link
Bibata-Modern-Classic/cursors/col-resize
Bibata-Modern-Classic/cursors/progress
Bibata-Modern-Classic/cursors/size_ver
Bibata-Modern-Classic/cursors/h_double_arrow
Bibata-Modern-Classic/cursors/top_left_arrow
Bibata-Modern-Classic/cursors/dnd-ask
Bibata-Modern-Classic/cursors/sb_down_arrow
Bibata-Modern-Classic/cursors/text
Bibata-Modern-Classic/cursors/size-ver
Bibata-Modern-Classic/cursors/lr_angle
Bibata-Modern-Classic/cursors/sw-resize
Bibata-Modern-Classic/cursors/w-resize
Bibata-Modern-Classic/cursors/bottom_right_corner
Bibata-Modern-Classic/cursors/fcf1c3c7cd4491d801f1e1c78f100000
Bibata-Modern-Classic/cursors/sb_up_arrow
Bibata-Modern-Classic/cursors/size_hor
Bibata-Modern-Classic/cursors/center_ptr
Bibata-Modern-Classic/cursors/not-allowed
Bibata-Modern-Classic/cursors/ul_angle
Bibata-Modern-Classic/cursors/dnd_no_drop
Bibata-Modern-Classic/cursors/ll_angle
Bibata-Modern-Classic/cursors/dnd-none
Bibata-Modern-Classic/cursors/x-cursor
Bibata-Modern-Ice-Right/
Bibata-Modern-Ice-Right/cursor.theme
Bibata-Modern-Ice-Right/index.theme
Bibata-Modern-Ice-Right/cursors/
Bibata-Modern-Ice-Right/cursors/arrow
Bibata-Modern-Ice-Right/cursors/dnd-copy
Bibata-Modern-Ice-Right/cursors/nwse-resize
Bibata-Modern-Ice-Right/cursors/hand1
Bibata-Modern-Ice-Right/cursors/copy
Bibata-Modern-Ice-Right/cursors/size-hor
Bibata-Modern-Ice-Right/cursors/right-arrow
Bibata-Modern-Ice-Right/cursors/9d800788f1b08800ae810202380a0822
Bibata-Modern-Ice-Right/cursors/size_bdiag
Bibata-Modern-Ice-Right/cursors/3ecb610c1bf2410f44200f48c40d3599
Bibata-Modern-Ice-Right/cursors/3085a0e285430894940527032f8b26df
Bibata-Modern-Ice-Right/cursors/b66166c04f8c3109214a4fbd64a50fc8
Bibata-Modern-Ice-Right/cursors/cell
Bibata-Modern-Ice-Right/cursors/grab
Bibata-Modern-Ice-Right/cursors/fleur
Bibata-Modern-Ice-Right/cursors/dot_box_mask
Bibata-Modern-Ice-Right/cursors/ibeam
Bibata-Modern-Ice-Right/cursors/tcross
Bibata-Modern-Ice-Right/cursors/top_left_corner
Bibata-Modern-Ice-Right/cursors/help
Bibata-Modern-Ice-Right/cursors/diamond_cross
Bibata-Modern-Ice-Right/cursors/color-picker
Bibata-Modern-Ice-Right/cursors/00000000000000020006000e7e9ffc3f
Bibata-Modern-Ice-Right/cursors/08e8e1c95fe2fc01f976f1e063a24ccd
Bibata-Modern-Ice-Right/cursors/no-drop
Bibata-Modern-Ice-Right/cursors/a2a266d0498c3104214a47bd64ab0fc8
Bibata-Modern-Ice-Right/cursors/nesw-resize
Bibata-Modern-Ice-Right/cursors/move
Bibata-Modern-Ice-Right/cursors/split_h
Bibata-Modern-Ice-Right/cursors/closedhand
Bibata-Modern-Ice-Right/cursors/dotbox
Bibata-Modern-Ice-Right/cursors/plus
Bibata-Modern-Ice-Right/cursors/grabbing
Bibata-Modern-Ice-Right/cursors/5c6cd98b3f3ebcb1f9c7f1c204630408
Bibata-Modern-Ice-Right/cursors/pointer
Bibata-Modern-Ice-Right/cursors/question_arrow
Bibata-Modern-Ice-Right/cursors/fd_double_arrow
Bibata-Modern-Ice-Right/cursors/pirate
Bibata-Modern-Ice-Right/cursors/14fef782d02440884392942c1120523
Bibata-Modern-Ice-Right/cursors/00008160000006810000408080010102
Bibata-Modern-Ice-Right/cursors/ew-resize
Bibata-Modern-Ice-Right/cursors/2870a09082c103050810ffdffffe0204
Bibata-Modern-Ice-Right/cursors/zoom-in
Bibata-Modern-Ice-Right/cursors/icon
Bibata-Modern-Ice-Right/cursors/pointing_hand
Bibata-Modern-Ice-Right/cursors/bottom_side
Bibata-Modern-Ice-Right/cursors/crosshair
Bibata-Modern-Ice-Right/cursors/right_side
Bibata-Modern-Ice-Right/cursors/forbidden
Bibata-Modern-Ice-Right/cursors/028006030e0e7ebffc7f7070c0600140
Bibata-Modern-Ice-Right/cursors/size_fdiag
Bibata-Modern-Ice-Right/cursors/nw-resize
Bibata-Modern-Ice-Right/cursors/left_ptr_help
Bibata-Modern-Ice-Right/cursors/double_arrow
Bibata-Modern-Ice-Right/cursors/sb_h_double_arrow
Bibata-Modern-Ice-Right/cursors/ne-resize
Bibata-Modern-Ice-Right/cursors/left-arrow
Bibata-Modern-Ice-Right/cursors/bd_double_arrow
Bibata-Modern-Ice-Right/cursors/top_right_corner
Bibata-Modern-Ice-Right/cursors/watch
Bibata-Modern-Ice-Right/cursors/dnd-move
Bibata-Modern-Ice-Right/cursors/e-resize
Bibata-Modern-Ice-Right/cursors/draft
Bibata-Modern-Ice-Right/cursors/target
Bibata-Modern-Ice-Right/cursors/openhand
Bibata-Modern-Ice-Right/cursors/4498f0e0c1937ffe01fd06f973665830
Bibata-Modern-Ice-Right/cursors/e29285e634086352946a0e7090d73106
Bibata-Modern-Ice-Right/cursors/sb_left_arrow
Bibata-Modern-Ice-Right/cursors/cross_reverse
Bibata-Modern-Ice-Right/cursors/default
Bibata-Modern-Ice-Right/cursors/down-arrow
Bibata-Modern-Ice-Right/cursors/crossed_circle
Bibata-Modern-Ice-Right/cursors/ur_angle
Bibata-Modern-Ice-Right/cursors/top_tee
Bibata-Modern-Ice-Right/cursors/draped_box
Bibata-Modern-Ice-Right/cursors/bottom_tee
Bibata-Modern-Ice-Right/cursors/s-resize
Bibata-Modern-Ice-Right/cursors/left_ptr_watch
Bibata-Modern-Ice-Right/cursors/6407b0e94181790501fd1e167b474872
Bibata-Modern-Ice-Right/cursors/03b6e0fcb3499374a867c041f52298f0
Bibata-Modern-Ice-Right/cursors/right_tee
Bibata-Modern-Ice-Right/cursors/hand2
Bibata-Modern-Ice-Right/cursors/size_all
Bibata-Modern-Ice-Right/cursors/draft_small
Bibata-Modern-Ice-Right/cursors/pencil
Bibata-Modern-Ice-Right/cursors/cross
Bibata-Modern-Ice-Right/cursors/bottom_left_corner
Bibata-Modern-Ice-Right/cursors/sb_right_arrow
Bibata-Modern-Ice-Right/cursors/right_ptr
Bibata-Modern-Ice-Right/cursors/split_v
Bibata-Modern-Ice-Right/cursors/1081e37283d90000800003c07f3ef6bf
Bibata-Modern-Ice-Right/cursors/circle
Bibata-Modern-Ice-Right/cursors/se-resize
Bibata-Modern-Ice-Right/cursors/zoom-out
Bibata-Modern-Ice-Right/cursors/pointer-move
Bibata-Modern-Ice-Right/cursors/ns-resize
Bibata-Modern-Ice-Right/cursors/whats_this
Bibata-Modern-Ice-Right/cursors/row-resize
Bibata-Modern-Ice-Right/cursors/alias
Bibata-Modern-Ice-Right/cursors/c7088f0f3e6c8088236ef8e1e3e70000
Bibata-Modern-Ice-Right/cursors/sb_v_double_arrow
Bibata-Modern-Ice-Right/cursors/dnd-link
Bibata-Modern-Ice-Right/cursors/context-menu
Bibata-Modern-Ice-Right/cursors/wayland-cursor
Bibata-Modern-Ice-Right/cursors/9081237383d90e509aa00f00170e968f
Bibata-Modern-Ice-Right/cursors/fcf21c00b30f7e3f83fe0dfd12e71cff
Bibata-Modern-Ice-Right/cursors/all-scroll
Bibata-Modern-Ice-Right/cursors/draft_large
Bibata-Modern-Ice-Right/cursors/v_double_arrow
Bibata-Modern-Ice-Right/cursors/up-arrow
Bibata-Modern-Ice-Right/cursors/top_side
Bibata-Modern-Ice-Right/cursors/X_cursor
Bibata-Modern-Ice-Right/cursors/wait
Bibata-Modern-Ice-Right/cursors/vertical-text
Bibata-Modern-Ice-Right/cursors/d9ce0ab605698f320427677b458ad60b
Bibata-Modern-Ice-Right/cursors/left_tee
Bibata-Modern-Ice-Right/cursors/left_ptr
Bibata-Modern-Ice-Right/cursors/n-resize
Bibata-Modern-Ice-Right/cursors/left_side
Bibata-Modern-Ice-Right/cursors/xterm
Bibata-Modern-Ice-Right/cursors/640fb0e74195791501fd1ed57b41487f
Bibata-Modern-Ice-Right/cursors/link
Bibata-Modern-Ice-Right/cursors/col-resize
Bibata-Modern-Ice-Right/cursors/progress
Bibata-Modern-Ice-Right/cursors/size_ver
Bibata-Modern-Ice-Right/cursors/h_double_arrow
Bibata-Modern-Ice-Right/cursors/top_left_arrow
Bibata-Modern-Ice-Right/cursors/dnd-ask
Bibata-Modern-Ice-Right/cursors/sb_down_arrow
Bibata-Modern-Ice-Right/cursors/text
Bibata-Modern-Ice-Right/cursors/size-ver
Bibata-Modern-Ice-Right/cursors/lr_angle
Bibata-Modern-Ice-Right/cursors/sw-resize
Bibata-Modern-Ice-Right/cursors/w-resize
Bibata-Modern-Ice-Right/cursors/bottom_right_corner
Bibata-Modern-Ice-Right/cursors/fcf1c3c7cd4491d801f1e1c78f100000
Bibata-Modern-Ice-Right/cursors/sb_up_arrow
Bibata-Modern-Ice-Right/cursors/size_hor
Bibata-Modern-Ice-Right/cursors/center_ptr
Bibata-Modern-Ice-Right/cursors/not-allowed
Bibata-Modern-Ice-Right/cursors/ul_angle
Bibata-Modern-Ice-Right/cursors/dnd_no_drop
Bibata-Modern-Ice-Right/cursors/ll_angle
Bibata-Modern-Ice-Right/cursors/dnd-none
Bibata-Modern-Ice-Right/cursors/x-cursor
mv: cannot overwrite '/home/peter/.local/share/icons/Bibata-Modern-Classic': Directory not empty
mv: cannot overwrite '/home/peter/.local/share/icons/Bibata-Modern-Ice-Right': Directory not empty
[14/15] Deploying customized dotfiles and configuration sets...
'/home/peter/dotfiles/dot_home/.Xresources' -> '/home/peter/./.Xresources'
'/home/peter/dotfiles/dot_home/.bash_profile' -> '/home/peter/./.bash_profile'
'/home/peter/dotfiles/dot_home/.bashrc' -> '/home/peter/./.bashrc'
'/home/peter/dotfiles/dot_home/.config/xsettingsd/xsettingsd.conf' -> '/home/peter/./.config/xsettingsd/xsettingsd.conf'
removed '/home/peter/./.config/gtk-4.0/gtk.css'
'/home/peter/dotfiles/dot_home/.config/gtk-4.0/gtk.css' -> '/home/peter/./.config/gtk-4.0/gtk.css'
removed '/home/peter/./.config/gtk-4.0/gtk-dark.css'
'/home/peter/dotfiles/dot_home/.config/gtk-4.0/gtk-dark.css' -> '/home/peter/./.config/gtk-4.0/gtk-dark.css'
'/home/peter/dotfiles/dot_home/.config/gtk-4.0/settings.ini' -> '/home/peter/./.config/gtk-4.0/settings.ini'
'/home/peter/dotfiles/dot_home/.config/Thunar/accels.scm' -> '/home/peter/./.config/Thunar/accels.scm'
'/home/peter/dotfiles/dot_home/.config/Thunar/uca.xml' -> '/home/peter/./.config/Thunar/uca.xml'
'/home/peter/dotfiles/dot_home/.config/btop/btop.conf' -> '/home/peter/./.config/btop/btop.conf'
'/home/peter/dotfiles/dot_home/.config/btop/themes/catppuccin-frappe.theme' -> '/home/peter/./.config/btop/themes/catppuccin-frappe.theme'
'/home/peter/dotfiles/dot_home/.config/btop/themes/catppuccin-latte.theme' -> '/home/peter/./.config/btop/themes/catppuccin-latte.theme'
'/home/peter/dotfiles/dot_home/.config/btop/themes/catppuccin-macchiato.theme' -> '/home/peter/./.config/btop/themes/catppuccin-macchiato.theme'
'/home/peter/dotfiles/dot_home/.config/btop/themes/catppuccin-mocha.theme' -> '/home/peter/./.config/btop/themes/catppuccin-mocha.theme'
'/home/peter/dotfiles/dot_home/.config/btop/themes/dracula.theme' -> '/home/peter/./.config/btop/themes/dracula.theme'
'/home/peter/dotfiles/dot_home/.config/btop/themes/eldritch.theme' -> '/home/peter/./.config/btop/themes/eldritch.theme'
'/home/peter/dotfiles/dot_home/.config/btop/themes/gruvbox.theme' -> '/home/peter/./.config/btop/themes/gruvbox.theme'
'/home/peter/dotfiles/dot_home/.config/btop/themes/rose-pine-dawn.theme' -> '/home/peter/./.config/btop/themes/rose-pine-dawn.theme'
'/home/peter/dotfiles/dot_home/.config/btop/themes/rose-pine-moon.theme' -> '/home/peter/./.config/btop/themes/rose-pine-moon.theme'
'/home/peter/dotfiles/dot_home/.config/btop/themes/rose-pine.theme' -> '/home/peter/./.config/btop/themes/rose-pine.theme'
'/home/peter/dotfiles/dot_home/.config/btop/themes/tokyonight.theme' -> '/home/peter/./.config/btop/themes/tokyonight.theme'
'/home/peter/dotfiles/dot_home/.config/btop/themes/vesper.theme' -> '/home/peter/./.config/btop/themes/vesper.theme'
'/home/peter/dotfiles/dot_home/.config/dunst/dunstrc' -> '/home/peter/./.config/dunst/dunstrc'
'/home/peter/dotfiles/dot_home/.config/geany/filedefs/filetypes.README' -> '/home/peter/./.config/geany/filedefs/filetypes.README'
'/home/peter/dotfiles/dot_home/.config/geany/geany.conf' -> '/home/peter/./.config/geany/geany.conf'
'/home/peter/dotfiles/dot_home/.config/geany/keybindings.conf' -> '/home/peter/./.config/geany/keybindings.conf'
'/home/peter/dotfiles/dot_home/.config/geany/plugins/addons/addons.conf' -> '/home/peter/./.config/geany/plugins/addons/addons.conf'
'/home/peter/dotfiles/dot_home/.config/geany/plugins/filebrowser/filebrowser.conf' -> '/home/peter/./.config/geany/plugins/filebrowser/filebrowser.conf'
'/home/peter/dotfiles/dot_home/.config/geany/plugins/git-changebar/git-changebar.conf' -> '/home/peter/./.config/geany/plugins/git-changebar/git-changebar.conf'
'/home/peter/dotfiles/dot_home/.config/geany/plugins/markdown/markdown.conf' -> '/home/peter/./.config/geany/plugins/markdown/markdown.conf'
'/home/peter/dotfiles/dot_home/.config/geany/plugins/markdown/template.html' -> '/home/peter/./.config/geany/plugins/markdown/template.html'
'/home/peter/dotfiles/dot_home/.config/geany/plugins/spellcheck/spellcheck.conf' -> '/home/peter/./.config/geany/plugins/spellcheck/spellcheck.conf'
'/home/peter/dotfiles/dot_home/.config/geany/plugins/vimode/vimode.conf' -> '/home/peter/./.config/geany/plugins/vimode/vimode.conf'
'/home/peter/dotfiles/dot_home/.config/geany/templates/templates.README' -> '/home/peter/./.config/geany/templates/templates.README'
'/home/peter/dotfiles/dot_home/.config/git/config' -> '/home/peter/./.config/git/config'
'/home/peter/dotfiles/dot_home/.config/gtk-3.0/settings.ini' -> '/home/peter/./.config/gtk-3.0/settings.ini'
'/home/peter/dotfiles/dot_home/.config/htop/htoprc' -> '/home/peter/./.config/htop/htoprc'
'/home/peter/dotfiles/dot_home/.config/kitty/current-theme.conf' -> '/home/peter/./.config/kitty/current-theme.conf'
'/home/peter/dotfiles/dot_home/.config/kitty/kitty.conf' -> '/home/peter/./.config/kitty/kitty.conf'
'/home/peter/dotfiles/dot_home/.config/lxqt/globalkeyshortcuts.conf' -> '/home/peter/./.config/lxqt/globalkeyshortcuts.conf'
'/home/peter/dotfiles/dot_home/.config/lxqt/lxqt-config-appearance.conf' -> '/home/peter/./.config/lxqt/lxqt-config-appearance.conf'
'/home/peter/dotfiles/dot_home/.config/lxqt/lxqt-config-file-associations.conf' -> '/home/peter/./.config/lxqt/lxqt-config-file-associations.conf'
'/home/peter/dotfiles/dot_home/.config/lxqt/lxqt-config-input.conf' -> '/home/peter/./.config/lxqt/lxqt-config-input.conf'
'/home/peter/dotfiles/dot_home/.config/lxqt/lxqt-config-locale.conf' -> '/home/peter/./.config/lxqt/lxqt-config-locale.conf'
'/home/peter/dotfiles/dot_home/.config/lxqt/lxqt-config-monitor.conf' -> '/home/peter/./.config/lxqt/lxqt-config-monitor.conf'
'/home/peter/dotfiles/dot_home/.config/lxqt/lxqt-config.conf' -> '/home/peter/./.config/lxqt/lxqt-config.conf'
'/home/peter/dotfiles/dot_home/.config/lxqt/lxqt-powermanagement.conf' -> '/home/peter/./.config/lxqt/lxqt-powermanagement.conf'
'/home/peter/dotfiles/dot_home/.config/lxqt/lxqt-runner.conf' -> '/home/peter/./.config/lxqt/lxqt-runner.conf'
'/home/peter/dotfiles/dot_home/.config/lxqt/lxqt.conf' -> '/home/peter/./.config/lxqt/lxqt.conf'
'/home/peter/dotfiles/dot_home/.config/lxqt/notifications.conf' -> '/home/peter/./.config/lxqt/notifications.conf'
'/home/peter/dotfiles/dot_home/.config/lxqt/panel.conf' -> '/home/peter/./.config/lxqt/panel.conf'
'/home/peter/dotfiles/dot_home/.config/lxqt/power.conf' -> '/home/peter/./.config/lxqt/power.conf'
'/home/peter/dotfiles/dot_home/.config/lxqt/session.conf' -> '/home/peter/./.config/lxqt/session.conf'
'/home/peter/dotfiles/dot_home/.config/lxqt/windowmanagers.conf' -> '/home/peter/./.config/lxqt/windowmanagers.conf'
'/home/peter/dotfiles/dot_home/.config/obmenu-generator/config.pl' -> '/home/peter/./.config/obmenu-generator/config.pl'
'/home/peter/dotfiles/dot_home/.config/obmenu-generator/schema.pl' -> '/home/peter/./.config/obmenu-generator/schema.pl'
'/home/peter/dotfiles/dot_home/.config/openbox/autostart' -> '/home/peter/./.config/openbox/autostart'
'/home/peter/dotfiles/dot_home/.config/openbox/environment' -> '/home/peter/./.config/openbox/environment'
'/home/peter/dotfiles/dot_home/.config/openbox/menu.xml' -> '/home/peter/./.config/openbox/menu.xml'
'/home/peter/dotfiles/dot_home/.config/openbox/rc.xml' -> '/home/peter/./.config/openbox/rc.xml'
'/home/peter/dotfiles/dot_home/.config/openbox/rc.xml.bak' -> '/home/peter/./.config/openbox/rc.xml.bak'
'/home/peter/dotfiles/dot_home/.config/openbox/scripts/changevolume' -> '/home/peter/./.config/openbox/scripts/changevolume'
'/home/peter/dotfiles/dot_home/.config/openbox/scripts/help' -> '/home/peter/./.config/openbox/scripts/help'
'/home/peter/dotfiles/dot_home/.config/openbox/scripts/power' -> '/home/peter/./.config/openbox/scripts/power'
'/home/peter/dotfiles/dot_home/.config/openbox/scripts/weather' -> '/home/peter/./.config/openbox/scripts/weather'
'/home/peter/dotfiles/dot_home/.config/openbox/wallpaper/blue-mountains.jpg' -> '/home/peter/./.config/openbox/wallpaper/blue-mountains.jpg'
'/home/peter/dotfiles/dot_home/.config/picom/picom.conf' -> '/home/peter/./.config/picom/picom.conf'
'/home/peter/dotfiles/dot_home/.config/polybar/colors.ini' -> '/home/peter/./.config/polybar/colors.ini'
'/home/peter/dotfiles/dot_home/.config/polybar/config.ini' -> '/home/peter/./.config/polybar/config.ini'
'/home/peter/dotfiles/dot_home/.config/polybar/config.ini.bak' -> '/home/peter/./.config/polybar/config.ini.bak'
'/home/peter/dotfiles/dot_home/.config/polybar/polybar-ob' -> '/home/peter/./.config/polybar/polybar-ob'
'/home/peter/dotfiles/dot_home/.config/rofi/config.rasi' -> '/home/peter/./.config/rofi/config.rasi'
'/home/peter/dotfiles/dot_home/.config/rofi/keybinds.rasi' -> '/home/peter/./.config/rofi/keybinds.rasi'
'/home/peter/dotfiles/dot_home/.config/rofi/power.rasi' -> '/home/peter/./.config/rofi/power.rasi'
'/home/peter/dotfiles/dot_home/.gtkrc-2.0' -> '/home/peter/./.gtkrc-2.0'
'/home/peter/dotfiles/dot_home/.inputrc' -> '/home/peter/./.inputrc'
'/home/peter/dotfiles/dot_home/.local/share/themes/Tokyo Midnight/openbox-3/bullet.xbm' -> '/home/peter/./.local/share/themes/Tokyo Midnight/openbox-3/bullet.xbm'
'/home/peter/dotfiles/dot_home/.local/share/themes/Tokyo Midnight/openbox-3/close.xbm' -> '/home/peter/./.local/share/themes/Tokyo Midnight/openbox-3/close.xbm'
'/home/peter/dotfiles/dot_home/.local/share/themes/Tokyo Midnight/openbox-3/desk.xbm' -> '/home/peter/./.local/share/themes/Tokyo Midnight/openbox-3/desk.xbm'
'/home/peter/dotfiles/dot_home/.local/share/themes/Tokyo Midnight/openbox-3/desk_toggled.xbm' -> '/home/peter/./.local/share/themes/Tokyo Midnight/openbox-3/desk_toggled.xbm'
'/home/peter/dotfiles/dot_home/.local/share/themes/Tokyo Midnight/openbox-3/iconify.xbm' -> '/home/peter/./.local/share/themes/Tokyo Midnight/openbox-3/iconify.xbm'
'/home/peter/dotfiles/dot_home/.local/share/themes/Tokyo Midnight/openbox-3/max.xbm' -> '/home/peter/./.local/share/themes/Tokyo Midnight/openbox-3/max.xbm'
'/home/peter/dotfiles/dot_home/.local/share/themes/Tokyo Midnight/openbox-3/max_disabled.xbm' -> '/home/peter/./.local/share/themes/Tokyo Midnight/openbox-3/max_disabled.xbm'
'/home/peter/dotfiles/dot_home/.local/share/themes/Tokyo Midnight/openbox-3/max_toggled.xbm' -> '/home/peter/./.local/share/themes/Tokyo Midnight/openbox-3/max_toggled.xbm'
'/home/peter/dotfiles/dot_home/.local/share/themes/Tokyo Midnight/openbox-3/shade.xbm' -> '/home/peter/./.local/share/themes/Tokyo Midnight/openbox-3/shade.xbm'
'/home/peter/dotfiles/dot_home/.local/share/themes/Tokyo Midnight/openbox-3/shade_toggled.xbm' -> '/home/peter/./.local/share/themes/Tokyo Midnight/openbox-3/shade_toggled.xbm'
'/home/peter/dotfiles/dot_home/.local/share/themes/Tokyo Midnight/openbox-3/themerc' -> '/home/peter/./.local/share/themes/Tokyo Midnight/openbox-3/themerc'
'/home/peter/dotfiles/dot_home/.wallpaper/0101-dw.jpg' -> '/home/peter/./.wallpaper/0101-dw.jpg'
'/home/peter/dotfiles/dot_home/.wallpaper/a-lone-samurai.jpg' -> '/home/peter/./.wallpaper/a-lone-samurai.jpg'
'/home/peter/dotfiles/dot_home/.wallpaper/anonymus-cyber-guy.jpg' -> '/home/peter/./.wallpaper/anonymus-cyber-guy.jpg'
'/home/peter/dotfiles/dot_home/.wallpaper/astronaut-red.jpg' -> '/home/peter/./.wallpaper/astronaut-red.jpg'
'/home/peter/dotfiles/dot_home/.wallpaper/bear-deer-mountains-sunrise-minimalism.jpg' -> '/home/peter/./.wallpaper/bear-deer-mountains-sunrise-minimalism.jpg'
'/home/peter/dotfiles/dot_home/.wallpaper/blue-mountains.jpg' -> '/home/peter/./.wallpaper/blue-mountains.jpg'
'/home/peter/dotfiles/dot_home/.wallpaper/lo-fi-cafe.jpg' -> '/home/peter/./.wallpaper/lo-fi-cafe.jpg'
'/home/peter/dotfiles/dot_home/.wallpaper/material-design-grey.jpg' -> '/home/peter/./.wallpaper/material-design-grey.jpg'
'/home/peter/dotfiles/dot_home/.wallpaper/minimal-life-landscape.jpg' -> '/home/peter/./.wallpaper/minimal-life-landscape.jpg'
'/home/peter/dotfiles/dot_home/.wallpaper/mount-fuji-mesmerising-view.jpg' -> '/home/peter/./.wallpaper/mount-fuji-mesmerising-view.jpg'
'/home/peter/dotfiles/dot_home/.wallpaper/samurai-after-day.jpg' -> '/home/peter/./.wallpaper/samurai-after-day.jpg'
'/home/peter/dotfiles/dot_home/.wallpaper/samurai-ninja-with-sword.jpg' -> '/home/peter/./.wallpaper/samurai-ninja-with-sword.jpg'
'/home/peter/dotfiles/dot_home/.wallpaper/samurai.jpg' -> '/home/peter/./.wallpaper/samurai.jpg'
'/home/peter/dotfiles/dot_home/.wallpaper/speedboat-rocky-planet-ocean.jpg' -> '/home/peter/./.wallpaper/speedboat-rocky-planet-ocean.jpg'
'/home/peter/dotfiles/dot_home/.wallpaper/triangles-colorful-background.jpg' -> '/home/peter/./.wallpaper/triangles-colorful-background.jpg'
'/home/peter/dotfiles/dot_home/.wallpaper/wallhaven-void1.png' -> '/home/peter/./.wallpaper/wallhaven-void1.png'
'/home/peter/dotfiles/dot_home/.wallpaper/wallhaven-void2.png' -> '/home/peter/./.wallpaper/wallhaven-void2.png'
'/home/peter/dotfiles/dot_home/.wallpaper/wallhaven-void3.png' -> '/home/peter/./.wallpaper/wallhaven-void3.png'
'/home/peter/dotfiles/dot_home/.wallpaper/wallhaven-void4.png' -> '/home/peter/./.wallpaper/wallhaven-void4.png'
'/home/peter/dotfiles/dot_home/.wallpaper/wallpaper-01.jpg' -> '/home/peter/./.wallpaper/wallpaper-01.jpg'
'/home/peter/dotfiles/dot_home/.wallpaper/wallpaper-02.png' -> '/home/peter/./.wallpaper/wallpaper-02.png'
'/home/peter/dotfiles/dot_home/.wallpaper/wallpaper-futuristic-robotic-wildlife.png' -> '/home/peter/./.wallpaper/wallpaper-futuristic-robotic-wildlife.png'
'/home/peter/dotfiles/dot_home/.xinitrc' -> '/home/peter/./.xinitrc'
'/home/peter/dotfiles/dot_home/.xscreensaver' -> '/home/peter/./.xscreensaver'
'/home/peter/dotfiles/dot_home/.zshrc' -> '/home/peter/./.zshrc'
[15/15] Compiling and configuring Pywal themes...
ERROR: Package `python3-pipenv' already installed.
ERROR: Package `python3-pipx' already installed.
ERROR: Package `ImageMagick' already installed.
ERROR: Package `imv' already installed.
[*] Updating repository `https://repo-de.voidlinux.org/current/x86_64-repodata' ...
'pywal16' (3.8.15) already seems to be installed. Not modifying existing
installation in '/home/peter/.local/share/pipx/venvs/pywal16'. Pass '--force'
to force installation, or use 'pipx upgrade pywal16' to upgrade.
/home/peter/.local/bin is already in PATH.

⚠️  All pipx binary directories have been appended to PATH. If you are sure
you want to proceed, try again with the '--force' flag.

Otherwise pipx is ready to go! ✨ 🌟 ✨
fatal: destination path 'walbox' already exists and is not an empty directory.
'Walbox/openbox-3/bullet.xbm' -> '/home/peter/.local/share/themes/./Walbox/openbox-3/bullet.xbm'
'Walbox/openbox-3/close.xbm' -> '/home/peter/.local/share/themes/./Walbox/openbox-3/close.xbm'
'Walbox/openbox-3/close_hover.xbm' -> '/home/peter/.local/share/themes/./Walbox/openbox-3/close_hover.xbm'
'Walbox/openbox-3/desk.xbm' -> '/home/peter/.local/share/themes/./Walbox/openbox-3/desk.xbm'
'Walbox/openbox-3/desk_hover.xbm' -> '/home/peter/.local/share/themes/./Walbox/openbox-3/desk_hover.xbm'
'Walbox/openbox-3/desk_toggled.xbm' -> '/home/peter/.local/share/themes/./Walbox/openbox-3/desk_toggled.xbm'
'Walbox/openbox-3/desk_toggled_hover.xbm' -> '/home/peter/.local/share/themes/./Walbox/openbox-3/desk_toggled_hover.xbm'
'Walbox/openbox-3/iconify.xbm' -> '/home/peter/.local/share/themes/./Walbox/openbox-3/iconify.xbm'
'Walbox/openbox-3/iconify_hover.xbm' -> '/home/peter/.local/share/themes/./Walbox/openbox-3/iconify_hover.xbm'
'Walbox/openbox-3/max.xbm' -> '/home/peter/.local/share/themes/./Walbox/openbox-3/max.xbm'
'Walbox/openbox-3/max_hover.xbm' -> '/home/peter/.local/share/themes/./Walbox/openbox-3/max_hover.xbm'
'Walbox/openbox-3/max_toggled.xbm' -> '/home/peter/.local/share/themes/./Walbox/openbox-3/max_toggled.xbm'
'Walbox/openbox-3/max_toggled_hover.xbm' -> '/home/peter/.local/share/themes/./Walbox/openbox-3/max_toggled_hover.xbm'
'Walbox/openbox-3/shade.xbm' -> '/home/peter/.local/share/themes/./Walbox/openbox-3/shade.xbm'
'Walbox/openbox-3/shade_hover.xbm' -> '/home/peter/.local/share/themes/./Walbox/openbox-3/shade_hover.xbm'
'Walbox/openbox-3/shade_toggled.xbm' -> '/home/peter/.local/share/themes/./Walbox/openbox-3/shade_toggled.xbm'
'Walbox/openbox-3/shade_toggled_hover.xbm' -> '/home/peter/.local/share/themes/./Walbox/openbox-3/shade_toggled_hover.xbm'
'/home/peter/dotfiles/pywal16/.config/gtk-3.0/gtk.css' -> '/home/peter/.config/gtk-3.0/gtk.css'
'/home/peter/dotfiles/pywal16/.config/imv/config' -> '/home/peter/.config/imv/config'
'/home/peter/dotfiles/pywal16/.config/kitty/kitty.conf' -> '/home/peter/.config/kitty/kitty.conf'
'/home/peter/dotfiles/pywal16/.config/openbox/autostart' -> '/home/peter/.config/openbox/autostart'
'/home/peter/dotfiles/pywal16/.config/openbox/rc.xml' -> '/home/peter/.config/openbox/rc.xml'
'/home/peter/dotfiles/pywal16/.config/polybar/colors.ini' -> '/home/peter/.config/polybar/colors.ini'
'/home/peter/dotfiles/pywal16/.config/polybar/config.ini' -> '/home/peter/.config/polybar/config.ini'
'/home/peter/dotfiles/pywal16/.config/rofi/config.rasi' -> '/home/peter/.config/rofi/config.rasi'
'/home/peter/dotfiles/pywal16/.config/wal/templates/colors' -> '/home/peter/.config/wal/templates/colors'
'/home/peter/dotfiles/pywal16/.config/wal/templates/colors-alacritty.toml' -> '/home/peter/.config/wal/templates/colors-alacritty.toml'
'/home/peter/dotfiles/pywal16/.config/wal/templates/colors-alacritty.yml' -> '/home/peter/.config/wal/templates/colors-alacritty.yml'
'/home/peter/dotfiles/pywal16/.config/wal/templates/colors-gtk.css' -> '/home/peter/.config/wal/templates/colors-gtk.css'
'/home/peter/dotfiles/pywal16/.config/wal/templates/colors-kitty.conf' -> '/home/peter/.config/wal/templates/colors-kitty.conf'
'/home/peter/dotfiles/pywal16/.config/wal/templates/colors-polybar' -> '/home/peter/.config/wal/templates/colors-polybar'
'/home/peter/dotfiles/pywal16/.config/wal/templates/colors-rofi-dark.rasi' -> '/home/peter/.config/wal/templates/colors-rofi-dark.rasi'
'/home/peter/dotfiles/pywal16/.config/wal/templates/colors-rofi-light.rasi' -> '/home/peter/.config/wal/templates/colors-rofi-light.rasi'
'/home/peter/dotfiles/pywal16/.config/wal/templates/colors-tty.sh' -> '/home/peter/.config/wal/templates/colors-tty.sh'
'/home/peter/dotfiles/pywal16/.config/wal/templates/colors-wal.vim' -> '/home/peter/.config/wal/templates/colors-wal.vim'
'/home/peter/dotfiles/pywal16/.config/wal/templates/colors.Xresources' -> '/home/peter/.config/wal/templates/colors.Xresources'
'/home/peter/dotfiles/pywal16/.config/wal/templates/colors.css' -> '/home/peter/.config/wal/templates/colors.css'
'/home/peter/dotfiles/pywal16/.config/wal/templates/colors.fish' -> '/home/peter/.config/wal/templates/colors.fish'
'/home/peter/dotfiles/pywal16/.config/wal/templates/colors.json' -> '/home/peter/.config/wal/templates/colors.json'
'/home/peter/dotfiles/pywal16/.config/wal/templates/gtk.css' -> '/home/peter/.config/wal/templates/gtk.css'
'/home/peter/dotfiles/pywal16/.config/wal/templates/themerc' -> '/home/peter/.config/wal/templates/themerc'
'/home/peter/dotfiles/pywal16/chwal.sh' -> '/home/peter/.local/bin/./chwal.sh'
wal 3.8.15
[[1;32mI[0m] [1;31mimage[0m: Using image [1;37mblue-mountains.jpg[0m.
[[1;32mI[0m] [1;31mtheme[0m: Set theme to [1;37m_home_peter__wallpaper_blue-mountains_jpg_dark_None_None_225094_2.0.0.json[0m.
[[1;32mI[0m] [1;31mcolors[0m: Found cached colorscheme.
[[1;32mI[0m] [1;31msequences[0m: Set terminal colors.
[[1;32mI[0m] [1;31mexport[0m: Reading system templates from: /home/peter/.local/share/pipx/venvs/pywal16/lib/python3.14/site-packages/pywal/templates
[[1;32mI[0m] [1;31mexport[0m: Reading user templates from: /home/peter/.config/wal/templates
[[1;32mI[0m] [1;31mexport[0m: Exported all files.
[[1;32mI[0m] [1;31mexport[0m: Exported all user files to /home/peter/.cache/wal
[[1;32mI[0m] [1;31mreload[0m: Reloaded environment.
[[1;32mI[0m] [1;31mdonation[0m: if you enjoy pywal16 consider donating at: https://github.com/eylles/pywal16
